// Jest Snapshot v1, https://goo.gl/fbAQLP

exports[`WeekViewDayList renders with rehearsal 1`] = `
<div
  className="ui divided selection relaxed list"
  role="list"
>
  <div
    className="item"
    data-value={undefined}
    onClick={[Function]}
    role="listitem"
  >
    <div
      className="header"
    >
      Sun, January 14
    </div>
    <p
      style={
        Object {
          "paddingLeft": "1rem",
        }
      }
    >
      No Rehearsals Today
    </p>
  </div>
  <div
    className="item"
    data-value={undefined}
    onClick={[Function]}
    role="listitem"
  >
    <div
      className="header"
    >
      Mon, January 15
    </div>
    <p
      style={
        Object {
          "paddingLeft": "1rem",
        }
      }
    >
      No Rehearsals Today
    </p>
  </div>
  <div
    className="item"
    data-value={undefined}
    onClick={[Function]}
    role="listitem"
  >
    <div
      className="header"
    >
      Tue, January 16
    </div>
    <div
      className="ui bulleted list"
      role="list"
    >
      <div
        className="item"
        data-value={undefined}
        onClick={[Function]}
        role="listitem"
      >
        19:00 - 22:00
      </div>
    </div>
  </div>
  <div
    className="item"
    data-value={undefined}
    onClick={[Function]}
    role="listitem"
  >
    <div
      className="header"
    >
      Wed, January 17
    </div>
    <p
      style={
        Object {
          "paddingLeft": "1rem",
        }
      }
    >
      No Rehearsals Today
    </p>
  </div>
  <div
    className="item"
    data-value={undefined}
    onClick={[Function]}
    role="listitem"
  >
    <div
      className="header"
    >
      Thu, January 18
    </div>
    <p
      style={
        Object {
          "paddingLeft": "1rem",
        }
      }
    >
      No Rehearsals Today
    </p>
  </div>
  <div
    className="item"
    data-value={undefined}
    onClick={[Function]}
    role="listitem"
  >
    <div
      className="header"
    >
      Fri, January 19
    </div>
    <p
      style={
        Object {
          "paddingLeft": "1rem",
        }
      }
    >
      No Rehearsals Today
    </p>
  </div>
  <div
    className="item"
    data-value={undefined}
    onClick={[Function]}
    role="listitem"
  >
    <div
      className="header"
    >
      Sat, January 20
    </div>
    <div
      className="ui bulleted list"
      role="list"
    >
      <div
        className="item"
        data-value={undefined}
        onClick={[Function]}
        role="listitem"
      >
        13:00 - 14:30
      </div>
      <div
        className="item"
        data-value={undefined}
        onClick={[Function]}
        role="listitem"
      >
        14:30 - 16:00
      </div>
      <div
        className="item"
        data-value={undefined}
        onClick={[Function]}
        role="listitem"
      >
        16:00 - 18:00
      </div>
    </div>
  </div>
</div>
`;

exports[`WeekViewDayList renders without rehearsals 1`] = `
<div>
  <h3
    className="ui header"
  >
    No Rehearsals Sun, January 7 - Sat, January 13
  </h3>
  <button
    className="ui button"
    disabled={undefined}
    onClick={[Function]}
    role="button"
    tabIndex={undefined}
  >
    Add Rehearsal
  </button>
</div>
`;
